[19/09/202610:49:25,79] ============================================ 
[19/09/202610:49:25,79] Demarrage surveillance agricole preventive 
[19/09/202610:49:25,79] Projet : D:\Horison\horison 
[19/09/202610:49:25,79] Venv   : D:\Horison\hori 
[19/09/202610:49:25,79] ============================================ 
[19/09/202610:49:25,79] Activation du virtualenv... 
[19/09/202610:49:25,79] Verification connexion DB... 
✓ PROJ_LIB trouvé: D:\Horison\.venv\Lib\site-packages\osgeo\data\proj
✓ GDAL_DATA trouvé: D:\Horison\.venv\Lib\site-packages\osgeo\data\gdal
✓ OSGeo ajouté au PATH: D:\Horison\.venv\Lib\site-packages\osgeo
==================================================
CONFIGURATION GIS:
  GDAL_LIBRARY_PATH: D:\Horison\.venv\Lib\site-packages\osgeo\gdal.dll
  GEOS_LIBRARY_PATH: D:\Horison\.venv\Lib\site-packages\osgeo\geos_c.dll
  PROJ_LIB: D:\Horison\.venv\Lib\site-packages\osgeo\data\proj
  GDAL_DATA: D:\Horison\.venv\Lib\site-packages\osgeo\data\gdal
==================================================
System check identified no issues (0 silenced).
[19/09/202610:49:25,79] Connexion DB OK 
[19/09/202610:49:25,79] Lancement : evaluate_field_alerts  
[19/09/202610:49:25,79] Debut execution : voir sortie ci-dessous 
*** Earth Engine *** Share your feedback by taking our Annual Developer Satisfaction Survey: https://google.qualtrics.com/jfe/form/SV_9oS0DRcPvElRMNw?source=python
Erreur get_drought_index_timeseries: Image.subtract: If one image has no bands, the other must also have no bands. Got 0 and 1.
Erreur VHI champ 71: Image.subtract: If one image has no bands, the other must also have no bands. Got 0 and 1.
Erreur get_drought_index_timeseries: Image.subtract: If one image has no bands, the other must also have no bands. Got 0 and 1.
Erreur VHI champ 72: Image.subtract: If one image has no bands, the other must also have no bands. Got 0 and 1.
Erreur get_drought_index_timeseries: Image.subtract: If one image has no bands, the other must also have no bands. Got 0 and 1.
Erreur VHI champ 73: Image.subtract: If one image has no bands, the other must also have no bands. Got 0 and 1.
✓ PROJ_LIB trouvé: D:\Horison\.venv\Lib\site-packages\osgeo\data\proj
✓ GDAL_DATA trouvé: D:\Horison\.venv\Lib\site-packages\osgeo\data\gdal
✓ OSGeo ajouté au PATH: D:\Horison\.venv\Lib\site-packages\osgeo
==================================================
CONFIGURATION GIS:
  GDAL_LIBRARY_PATH: D:\Horison\.venv\Lib\site-packages\osgeo\gdal.dll
  GEOS_LIBRARY_PATH: D:\Horison\.venv\Lib\site-packages\osgeo\geos_c.dll
  PROJ_LIB: D:\Horison\.venv\Lib\site-packages\osgeo\data\proj
  GDAL_DATA: D:\Horison\.venv\Lib\site-packages\osgeo\data\gdal
==================================================
============================================================
SURVEILLANCE AGRICOLE PRÉVENTIVE
============================================================

📡 ÉTAPE 1/4 — Collecte des indicateurs
Earth Engine initialisé avec succès via Service Account.
Earth Engine initialisé avec succès via Service Account.
Earth Engine initialisé avec succès via Service Account.
Earth Engine initialisé avec succès via Service Account.
Earth Engine initialisé avec succès via Service Account.
Earth Engine initialisé avec succès via Service Account.
Earth Engine initialisé avec succès via Service Account.
Earth Engine initialisé avec succès via Service Account.
Earth Engine initialisé avec succès via Service Account.
Earth Engine initialisé avec succès via Service Account.
Earth Engine initialisé avec succès via Service Account.
Earth Engine initialisé avec succès via Service Account.
Earth Engine initialisé avec succès via Service Account.
Earth Engine initialisé avec succès via Service Account.
Earth Engine initialisé avec succès via Service Account.
   ✓ 3 champ(s) traité(s) — 23 snapshot(s) persisté(s), 0 erreur(s)

🎯 ÉTAPE 2/4 — Scoring & détection d'alertes
   🟡 Champ 71 (première parcelle) : score=47/100 niveau=VIGILANCE
      précédent=VIGILANCE → inchangé
      types détectés : SECHERESSE
   🟡 Champ 72 (KOUTOUMBOGA) : score=45/100 niveau=VIGILANCE
      précédent=VIGILANCE → inchangé
      types détectés : SECHERESSE
   🟡 Champ 73 (z) : score=31/100 niveau=VIGILANCE
      types détectés : SECHERESSE

   Récap : 1 alerte(s) créée(s), 1 livraison(s) email programmée(s)

📧 ÉTAPE 4/4 — Envoi des emails en attente
   ✓ 1 envoyé(s), 0 échec(s), 0 ignoré(s)

============================================================
✅ Surveillance terminée.
============================================================
[19/09/202610:49:25,79] Script termine avec succes 
[19/09/202610:49:25,79] ============================================ 
